// Jest Snapshot v1, https://goo.gl/fbAQLP

exports[`RSVP block thunks set RSVP header 1`] = `
Array [
  Object {
    "payload": Object {
      "title": "title",
    },
    "type": "@@MT/TICKETS/SET_RSVP_TITLE",
  },
  Object {
    "payload": Object {
      "description": "description",
    },
    "type": "@@MT/TICKETS/SET_RSVP_DESCRIPTION",
  },
]
`;

exports[`RSVP block thunks set RSVP header 2`] = `
Array [
  Object {
    "payload": Object {
      "capacity": 20,
    },
    "type": "@@MT/TICKETS/SET_RSVP_CAPACITY",
  },
  Object {
    "payload": Object {
      "notGoingResponses": true,
    },
    "type": "@@MT/TICKETS/SET_RSVP_NOT_GOING_RESPONSES",
  },
  Object {
    "payload": Object {
      "startDate": "January 1, 2018",
    },
    "type": "@@MT/TICKETS/SET_RSVP_START_DATE",
  },
  Object {
    "payload": Object {
      "startTime": "12:34",
    },
    "type": "@@MT/TICKETS/SET_RSVP_START_TIME",
  },
  Object {
    "payload": Object {
      "endDate": "January 2, 2018",
    },
    "type": "@@MT/TICKETS/SET_RSVP_END_DATE",
  },
  Object {
    "payload": Object {
      "endTime": "23:45",
    },
    "type": "@@MT/TICKETS/SET_RSVP_END_TIME",
  },
]
`;
