// Jest Snapshot v1, https://goo.gl/fbAQLP

exports[`RSVP block declaration register the RSVP block 1`] = `
Object {
  "attributes": Object {
    "headerImageId": Object {
      "meta": "_tribe_ticket_header",
      "source": "meta",
      "type": "integer",
    },
  },
  "category": "tribe-tickets",
  "description": "RSVP block",
  "edit": [Function],
  "icon": [Function],
  "id": "event-rsvp",
  "keywords": Array [
    "event",
    "events-gutenberg",
    "tribe",
  ],
  "save": [Function],
  "supports": Object {
    "html": false,
  },
  "title": "RSVP",
}
`;
