// Jest Snapshot v1, https://goo.gl/fbAQLP

exports[`Ticket Duration picker and label default properties 1`] = `
<div
  className="tribe-editor__tickets-form__row"
>
  <div
    className="tribe-editor__label-with-tooltip tribe-editor__tickets-form__label"
  >
    <span
      className="tribe-editor__label-with-tooltip__label"
    >
      Sale Duration
    </span>
    <span>
      Tooltip
    </span>
  </div>
  <div
    className="tribe-editor__tickets-form__input-group"
  >
    <div
      className="tribe-editor__date-time-range-picker tribe-editor__ticket-duration__duration-picker"
    >
      <div
        className="tribe-editor__date-time-range-picker__start"
      >
        <div
          className="DayPickerInput"
        >
          <input
            onBlur={[Function]}
            onChange={[Function]}
            onClick={[Function]}
            onFocus={[Function]}
            onKeyDown={[Function]}
            onKeyUp={[Function]}
            placeholder="YYYY-M-D"
            value="September 3, 2018"
          />
        </div>
        <span
          className="tribe-editor__date-time-range-picker__separator tribe-editor__date-time-range-picker__separator--date-time"
        >
          at
        </span>
        <div
          className="tribe-editor__timepicker"
        >
          <span>
            Dropdown
          </span>
        </div>
      </div>
      <div
        className="tribe-editor__date-time-range-picker__end"
      >
        <span
          className="tribe-editor__date-time-range-picker__separator tribe-editor__date-time-range-picker__separator--time-range"
        >
          to
        </span>
        <div
          className="DayPickerInput"
        >
          <input
            onBlur={[Function]}
            onChange={[Function]}
            onClick={[Function]}
            onFocus={[Function]}
            onKeyDown={[Function]}
            onKeyUp={[Function]}
            placeholder="YYYY-M-D"
            value="September 6, 2018"
          />
        </div>
        <span
          className="tribe-editor__date-time-range-picker__separator tribe-editor__date-time-range-picker__separator--date-time"
        >
          at
        </span>
        <div
          className="tribe-editor__timepicker"
        >
          <span>
            Dropdown
          </span>
        </div>
      </div>
    </div>
  </div>
</div>
`;
