// Jest Snapshot v1, https://goo.gl/fbAQLP

exports[`Single ticket block declaration Block declaration 1`] = `
Object {
  "attributes": Object {
    "dateIsPristine": Object {
      "default": true,
      "type": "boolean",
    },
    "hasBeenCreated": Object {
      "default": false,
      "type": "boolean",
    },
    "ticketId": Object {
      "default": 0,
      "type": "integer",
    },
  },
  "category": "tribe-tickets",
  "description": "Entry for ticket",
  "edit": [Function],
  "icon": [Function],
  "id": "event-tickets-ticket",
  "keywords": Array [
    "event",
    "events-tickets",
    "tribe",
  ],
  "parent": Array [
    "tribe/event-tickets",
  ],
  "save": [Function],
  "supports": Object {
    "html": false,
  },
  "title": "Event Ticket",
}
`;
