// Jest Snapshot v1, https://goo.gl/fbAQLP

exports[`[STORE] - Datetime thunks Initial set of state 1`] = `
Array [
  Object {
    "payload": Object {
      "start": "June 5, 2018 5:00 pm",
    },
    "type": "SET_START_DATE_TIME",
  },
  Object {
    "payload": Object {
      "end": "June 5, 2018 5:30 pm",
    },
    "type": "SET_END_DATE_TIME",
  },
  Object {
    "payload": Object {
      "allDay": false,
    },
    "type": "SET_ALL_DAY",
  },
  Object {
    "payload": Object {
      "timezone": "UTC",
    },
    "type": "SET_TIME_ZONE",
  },
  Object {
    "payload": Object {
      "start": "2018-06-05 17:00:00",
    },
    "type": "SET_START_DATE_TIME",
  },
  Object {
    "payload": Object {
      "end": "2018-06-05 17:30:00",
    },
    "type": "SET_END_DATE_TIME",
  },
  Object {
    "payload": Object {
      "multiDay": true,
    },
    "type": "SET_MULTI_DAY",
  },
]
`;
