// Jest Snapshot v1, https://goo.gl/fbAQLP

exports[`AdvancedOptions default props of and state of <AdvancedOptions /> 1`] = `
<div
  aria-multiselectable="true"
  className="tribe-editor__accordion tribe-editor__tickets__advanced-options"
  role="tablist"
>
  <article
    className="tribe-editor__accordion__row"
  >
    <button
      aria-controls="accordion-content-ticketsPlaceholder"
      aria-expanded="false"
      aria-selected="false"
      className="tribe-editor__button tribe-editor__accordion__row-header tribe-editor__tickets__advanced-options-header"
      id="accordion-header-ticketsPlaceholder"
      onClick={[Function]}
      role="tab"
      type="button"
    >
      <span
        className="tribe-editor__options-header-icon"
      >
        arrow-down
      </span>
      <span
        className="tribe-editor__options-header-text"
      >
        Advanced Options
      </span>
    </button>
    <div
      aria-hidden="true"
      aria-labelledby="accordion-header-ticketsPlaceholder"
      className="tribe-editor__accordion__row-content tribe-editor__tickets__advanced-options-content"
      id="accordion-content-ticketsPlaceholder"
      role="tabpanel"
    >
      <div
        className="tribe-editor__tickets-form__row"
      >
        <div
          className="tribe-editor__tickets-form__labels"
        >
          <div
            className="tribe-editor__label-with-tooltip"
          >
            <span
              className="tribe-editor__label-with-tooltip__label"
            >
              Sale Duration
            </span>
            <span>
              Tooltip
            </span>
          </div>
        </div>
        <div
          className="tribe-editor__tickets-form__input-group"
        >
          <div
            className="tribe-editor__date-time-range-picker tribe-editor__ticket-duration__duration-picker"
          >
            <div
              className="tribe-editor__date-time-range-picker__start"
            >
              <div
                className="DayPickerInput"
              >
                <input
                  onBlur={[Function]}
                  onChange={[Function]}
                  onClick={[Function]}
                  onFocus={[Function]}
                  onKeyDown={[Function]}
                  onKeyUp={[Function]}
                  placeholder="YYYY-M-D"
                  value="September 3, 2018"
                />
              </div>
              <span
                className="tribe-editor__date-time-range-picker__separator tribe-editor__date-time-range-picker__separator--date-time"
              >
                at
              </span>
              <div
                className="tribe-editor__timepicker"
              >
                <span>
                  Dropdown
                </span>
              </div>
            </div>
            <div
              className="tribe-editor__date-time-range-picker__end"
            >
              <span
                className="tribe-editor__date-time-range-picker__separator tribe-editor__date-time-range-picker__separator--time-range"
              >
                to
              </span>
              <div
                className="DayPickerInput"
              >
                <input
                  onBlur={[Function]}
                  onChange={[Function]}
                  onClick={[Function]}
                  onFocus={[Function]}
                  onKeyDown={[Function]}
                  onKeyUp={[Function]}
                  placeholder="YYYY-M-D"
                  value="September 6, 2018"
                />
              </div>
              <span
                className="tribe-editor__date-time-range-picker__separator tribe-editor__date-time-range-picker__separator--date-time"
              >
                at
              </span>
              <div
                className="tribe-editor__timepicker"
              >
                <span>
                  Dropdown
                </span>
              </div>
            </div>
          </div>
        </div>
      </div>
      <div
        className="tribe-editor__tickets-form__row"
      >
        <div
          className="tribe-editor__tickets-form__labels"
        >
          <div
            className="tribe-editor__label-with-tooltip"
          >
            <label
              className="tribe-editor__label-with-tooltip__label"
              htmlFor="ticket-sku"
            >
              Ticket SKU
            </label>
            <span>
              Tooltip
            </span>
          </div>
        </div>
        <div
          className="tribe-editor__tickets-form__input-group"
        >
          <input
            id="ticket-sku"
            onChange={[Function]}
            type="text"
            value=""
          />
        </div>
      </div>
    </div>
  </article>
</div>
`;
