// Jest Snapshot v1, https://goo.gl/fbAQLP

exports[`SKU Render the component with no errors 1`] = `
<div
  className="tribe-editor__tickets-form__row"
>
  <div
    className="tribe-editor__tickets-form__labels"
  >
    <div
      className="tribe-editor__label-with-tooltip"
    >
      <label
        className="tribe-editor__label-with-tooltip__label"
        htmlFor="ticket-sku"
      >
        Ticket SKU
      </label>
      <span>
        Tooltip
      </span>
    </div>
  </div>
  <div
    className="tribe-editor__tickets-form__input-group"
  >
    <input
      id="ticket-sku"
      onChange={[Function]}
      type="text"
      value=""
    />
  </div>
</div>
`;
