// Jest Snapshot v1, https://goo.gl/fbAQLP

exports[`ExceptionAddField should match snapshot 1`] = `
<aside
  className="tribe-editor__events-pro__add-field"
>
  <button
    className="tribe-editor__events-pro__add-field__button"
    onClick={[MockFunction]}
    type="button"
  >
    <span
      className="tribe-editor__events-pro__add-field__button__plus"
    >
      +
    </span>
    <span>
      Add Exception
    </span>
  </button>
</aside>
`;
